barak@DESKTOP-O6QFNNI:/mnt/c/users/hp/documents/sargotec/bluewhale/bluewhale-prd$ git status
On branch feature/user-profile
Your branch is up to date with 'origin/feature/user-profile'.

Changes to be committed:
  (use "git restore --staged <file>..." to unstage)
        modified:   .gitignore
        modified:   Start app.txt
        new file:   client/src/components/CompanyReports.tsx
        new file:   client/src/components/SENSfeed.tsx
        modified:   client/src/pages/CompanyProfilePage.tsx
        modified:   server/package-lock.json
        modified:   server/package.json
        new file:   server/prisma/migrations/20251209074846_add_report_unique_constraint/migration.sql
        modified:   server/prisma/schema.prisma
        modified:   server/src/controllers/reports.controller.ts
        modified:   server/src/controllers/scraper.controller.ts
        new file:   server/src/jobs/reportScraper.job.ts
        new file:   server/src/jobs/scraper.cron.ts
        modified:   server/src/routes/reports.routes.ts
        modified:   server/src/routes/scraper.routes.ts
        new file:   server/src/scripts/cleanupPAIA.ts
        modified:   server/src/server.ts
        new file:   server/src/services/pdfConverter.service.ts
        new file:   server/src/services/reportScraper.service.ts
        modified:   server/src/services/scraper.service.ts

barak@DESKTOP-O6QFNNI:/mnt/c/users/hp/documents/sargotec/bluewhale/bluewhale-prd$ git commit -m "feat(user-profile): add CompanyReports and SENSfeed, update reports and scraper controllers, add report unique constraint migration and pdf converter service"
[feature/user-profile 506809b] feat(user-profile): add CompanyReports and SENSfeed, update reports and scraper controllers, add report unique constraint migration and pdf converter service
 20 files changed, 2239 insertions(+), 530 deletions(-)
 create mode 100644 client/src/components/CompanyReports.tsx
 create mode 100644 client/src/components/SENSfeed.tsx
 create mode 100644 server/prisma/migrations/20251209074846_add_report_unique_constraint/migration.sql
 create mode 100644 server/src/jobs/reportScraper.job.ts
 create mode 100644 server/src/jobs/scraper.cron.ts
 create mode 100644 server/src/scripts/cleanupPAIA.ts
 create mode 100644 server/src/services/pdfConverter.service.ts
 create mode 100644 server/src/services/reportScraper.service.ts
barak@DESKTOP-O6QFNNI:/mnt/c/users/hp/documents/sargotec/bluewhale/bluewhale-prd$ git push
Enumerating objects: 60, done.
Counting objects: 100% (60/60), done.
Delta compression using up to 4 threads
Compressing objects: 100% (34/34), done.
Writing objects: 100% (36/36), 21.55 KiB | 86.00 KiB/s, done.
Total 36 (delta 16), reused 0 (delta 0), pack-reused 0
remote: Resolving deltas: 100% (16/16), completed with 14 local objects.
To github.com:Barakansanya/bluewhale.git
   810476e..506809b  feature/user-profile -> feature/user-profile
barak@DESKTOP-O6QFNNI:/mnt/c/users/hp/documents/sargotec/bluewhale/bluewhale-prd$ git status
On branch feature/user-profile
Your branch is up to date with 'origin/feature/user-profile'.

nothing to commit, working tree clean
barak@DESKTOP-O6QFNNI:/mnt/c/users/hp/documents/sargotec/bluewhale/bluewhale-prd$ git checkout main
ll origin main
Updating files: 100% (48/48), done.
Switched to branch 'main'
Your branch is behind 'origin/main' by 3 commits, and can be fast-forwarded.
  (use "git pull" to update your local branch)
barak@DESKTOP-O6QFNNI:/mnt/c/users/hp/documents/sargotec/bluewhale/bluewhale-prd$ git pull origin main
remote: Enumerating objects: 2, done.
remote: Counting objects: 100% (2/2), done.
remote: Compressing objects: 100% (2/2), done.
remote: Total 2 (delta 0), reused 0 (delta 0), pack-reused 0 (from 0)
Unpacking objects: 100% (2/2), 1.80 KiB | 14.00 KiB/s, done.
From github.com:Barakansanya/bluewhale
 * branch            main       -> FETCH_HEAD
   127aec6..25c53f0  main       -> origin/main
Updating c9ee092..25c53f0
Updating files: 100% (48/48), done.
Fast-forward
 .gitignore                                                                  |  87 ++--
 Start app.txt                                                               |  34 +-
 client/src/App.tsx                                                          |  58 ++-
 client/src/components/BlueWhaleLogo.tsx                                     |  88 ++++
 client/src/components/CompanyReports.tsx                                    | 231 ++++++++++
 client/src/components/MainLayout.tsx                                        | 251 +++++++----
 client/src/components/SENSfeed.tsx                                          | 183 ++++++++
 client/src/pages/AIHubPage.tsx                                              | 542 ++++++++++++++++++++++
 client/src/pages/CompanyProfilePage.tsx                                     | 443 ++++++++++++++++++
 client/src/pages/DashboardPage.tsx                                          | 395 +++++++---------
 client/src/pages/LoginPage.tsx                                              | 218 +++++----
 client/src/pages/ReportsPage.tsx                                            | 281 ++++++++++++
 client/src/pages/ScraperDashboard.tsx                                       | 293 ++++++++++++
 client/src/pages/ScreenerPage.tsx                                           | 347 +++++----------
 client/src/pages/SubscriptionPage.tsx                                       | 306 +++++++++++++
 client/src/pages/WatchlistPage.tsx                                          | 324 ++++++++++++++
 package.json                                                                |   3 +
 server/package-lock.json                                                    | 783 ++++++++++++++++++++++++++++++++
 server/package.json                                                         |  11 +-
 server/prisma/migrations/20251108053513_add_historical_prices/migration.sql |  23 +
 .../migrations/20251209074846_add_report_unique_constraint/migration.sql    |   8 +
 server/prisma/migrations/migration_lock.toml                                |   4 +-
 server/prisma/schema.prisma                                                 |  20 +
 server/prisma/seedReports.ts                                                |  58 +++
 server/src/app.ts                                                           |   8 +
 server/src/config/database.ts                                               |   4 +
 server/src/controllers/ai.controller.ts                                     |  77 ++++
 server/src/controllers/reports.controller.ts                                | 237 ++++++++++
 server/src/controllers/scraper.controller.ts                                |  85 ++++
 server/src/controllers/sync.controller.ts                                   |  32 ++
 server/src/cron/scraperJobs.ts                                              |  23 +
 server/src/jobs/reportScraper.job.ts                                        | 121 +++++
 server/src/jobs/scraper.cron.ts                                             |  34 ++
 server/src/jobs/syncCron.ts                                                 |  23 +
 server/src/routes/ai.routes.ts                                              |  21 +
 server/src/routes/reports.routes.ts                                         |  26 ++
 server/src/routes/scraper.routes.ts                                         |  19 +
 server/src/routes/sync.routes.ts                                            |  37 ++
 server/src/scripts/cleanupPAIA.ts                                           | 115 +++++
 server/src/server.ts                                                        |  41 +-
 server/src/services/ai.service.ts                                           | 201 +++++++++
 server/src/services/companies.service.ts                                    |  53 ++-
 server/src/services/external-data.service.ts                                | 297 +++++++++++++
 server/src/services/pdfConverter.service.ts                                 |  83 ++++
 server/src/services/reportScraper.service.ts                                | 865 ++++++++++++++++++++++++++++++++++++
 server/src/services/reports.service.ts                                      | 155 +++++++
 server/src/services/scraper.service.ts                                      | 142 ++++++
 server/src/services/sync.service.ts                                         | 144 ++++++
 48 files changed, 7144 insertions(+), 690 deletions(-)
 create mode 100644 client/src/components/BlueWhaleLogo.tsx
 create mode 100644 client/src/components/CompanyReports.tsx
 create mode 100644 client/src/components/SENSfeed.tsx
 create mode 100644 client/src/pages/AIHubPage.tsx
 create mode 100644 client/src/pages/CompanyProfilePage.tsx
 create mode 100644 client/src/pages/ReportsPage.tsx
 create mode 100644 client/src/pages/ScraperDashboard.tsx
 create mode 100644 client/src/pages/SubscriptionPage.tsx
 create mode 100644 client/src/pages/WatchlistPage.tsx
 create mode 100644 server/prisma/migrations/20251108053513_add_historical_prices/migration.sql
 create mode 100644 server/prisma/migrations/20251209074846_add_report_unique_constraint/migration.sql
 create mode 100644 server/prisma/seedReports.ts
 create mode 100644 server/src/controllers/ai.controller.ts
 create mode 100644 server/src/controllers/reports.controller.ts
 create mode 100644 server/src/controllers/scraper.controller.ts
 create mode 100644 server/src/controllers/sync.controller.ts
 create mode 100644 server/src/cron/scraperJobs.ts
 create mode 100644 server/src/jobs/reportScraper.job.ts
 create mode 100644 server/src/jobs/scraper.cron.ts
 create mode 100644 server/src/jobs/syncCron.ts
 create mode 100644 server/src/routes/ai.routes.ts
 create mode 100644 server/src/routes/reports.routes.ts
 create mode 100644 server/src/routes/scraper.routes.ts
 create mode 100644 server/src/routes/sync.routes.ts
 create mode 100644 server/src/scripts/cleanupPAIA.ts
 create mode 100644 server/src/services/ai.service.ts
 create mode 100644 server/src/services/external-data.service.ts
 create mode 100644 server/src/services/pdfConverter.service.ts
 create mode 100644 server/src/services/reportScraper.service.ts
 create mode 100644 server/src/services/reports.service.ts
 create mode 100644 server/src/services/scraper.service.ts
 create mode 100644 server/src/services/sync.service.ts
barak@DESKTOP-O6QFNNI:/mnt/c/users/hp/documents/sargotec/bluewhale/bluewhale-prd$ git merge feature/user-profile
Already up to date.
barak@DESKTOP-O6QFNNI:/mnt/c/users/hp/documents/sargotec/bluewhale/bluewhale-prd$ git log --oneline --graph --decorate -8
*   25c53f0 (HEAD -> main, origin/main, origin/HEAD) Merge pull request #3 from Barakansanya/feature/user-profile
|\
| * 506809b (origin/feature/user-profile, feature/user-profile) feat(user-profile): add CompanyReports and SENSfeed, update reports and scraper controllers, add report unique constraint migration and pdf converter service
* | 768a108 Merge pull request #2 from Barakansanya/feature/user-profile all feature including data scraper
|\|
| * 810476e Feat: All including data scraper
| * ba1b5e1 Real data integration FMP Yahoo
* | 127aec6 Merge pull request #1 from Barakansanya/feature/user-profile
|\|
| * 5bc9db3 updated gitignore
| * 37387b9 feature: company profile page
|/
barak@DESKTOP-O6QFNNI:/mnt/c/users/hp/documents/sargotec/bluewhale/bluewhale-prd$ git log main..feature/user-profile
barak@DESKTOP-O6QFNNI:/mnt/c/users/hp/documents/sargotec/bluewhale/bluewhale-prd$ git branch -d feature/user-profile
ush origin --delete feature/user-profileDeleted branch feature/user-profile (was 506809b).
barak@DESKTOP-O6QFNNI:/mnt/c/users/hp/documents/sargotec/bluewhale/bluewhale-prd$ git push origin --delete feature/user-profile
To github.com:Barakansanya/bluewhale.git
 - [deleted]         feature/user-profile
barak@DESKTOP-O6QFNNI:/mnt/c/users/hp/documents/sargotec/bluewhale/bluewhale-prd$ git status
On branch main
Your branch is up to date with 'origin/main'.

nothing to commit, working tree clean
barak@DESKTOP-O6QFNNI:/mnt/c/users/hp/documents/sargotec/bluewhale/bluewhale-prd$